{
    "-profile test": {
        "content": [
            null,
            [
                "mergejsons",
                "mergejsons/dummy_mqc_merged_mqc.json",
                "msnbasexic",
                "msnbasexic/dummy_test_mqc.json",
                "multiqc",
                "multiqc/multiqc_data",
                "multiqc/multiqc_data/llms-full.txt",
                "multiqc/multiqc_data/multiqc.log",
                "multiqc/multiqc_data/multiqc.parquet",
                "multiqc/multiqc_data/multiqc_citations.txt",
                "multiqc/multiqc_data/multiqc_data.json",
                "multiqc/multiqc_data/multiqc_ribomsqc_dummy_table.txt",
                "multiqc/multiqc_data/multiqc_sources.txt",
                "multiqc/multiqc_report.html",
                "pipeline_info",
                "pipeline_info/nf_core_ribomsqc_software_versions.yml",
                "thermorawfileparser",
                "thermorawfileparser/BSA_QC_test.mzML"
            ],
            [
                "dummy_mqc_merged_mqc.json:md5,c024fd1b71d8bd20ccde03bdd50e7627",
                "dummy_test_mqc.json:md5,d206e19619e8f01877819bab0e537854",
                "llms-full.txt:md5,73c4c6e326fcd9884bdf61c20b9e03e0",
                "multiqc.parquet:md5,d0f6e8ee1e91b5d663ee10cde22deb11",
                "multiqc_citations.txt:md5,4c806e63a283ec1b7e78cdae3a923d4f",
                "multiqc_ribomsqc_dummy_table.txt:md5,fc47705211db5409994fb86bd722c57b",
                "multiqc_sources.txt:md5,d2a044df39ce3c6abe5cdc2d67473490"
            ]
        ],
        "meta": {
            "nf-test": "0.9.2",
            "nextflow": "25.10.0"
        },
        "timestamp": "2026-03-12T15:53:08.460274832"
    }
}